Detecting compiler hash for triplet x64-windows...
Compiler found: C:/Program Files/Microsoft Visual Studio/18/Community/VC/Tools/MSVC/14.51.36231/bin/Hostx64/x64/cl.exe
The following packages will be built and installed:
  * brotli:x64-windows@1.2.0
  * bzip2[core,tool]:x64-windows@1.0.8#6
  * freetype[brotli,bzip2,core,png,zlib]:x64-windows@2.14.3
  * libpng:x64-windows@1.6.58
    sdl3:x64-windows@3.4.12
    sdl3-image:x64-windows@3.4.4#1
    sdl3-mixer:x64-windows@3.2.4
    sdl3-ttf:x64-windows@3.2.2#1
  * vcpkg-cmake:x64-windows@2024-04-23
  * vcpkg-cmake-config:x64-windows@2024-05-23
  * zlib:x64-windows@1.3.2#1
Additional packages (*) will be modified to complete this operation.
Restored 11 package(s) from C:\Users\hp\AppData\Local\vcpkg\archives in 225 ms. Use --debug to see more details.
Installing 1/11 vcpkg-cmake-config:x64-windows@2024-05-23...
vcpkg-cmake-config:x64-windows@2024-05-23 package ABI: 8e6976afd09f4ba2908dd19af7dd5f7e70ef3975b435f0a61de4bfe905e45423
Elapsed time to handle vcpkg-cmake-config:x64-windows: 31.9 ms
Installing 2/11 vcpkg-cmake:x64-windows@2024-04-23...
vcpkg-cmake:x64-windows@2024-04-23 package ABI: b430457da7c3ad2daa20819641890f080f71865f52895c7ea14bc24bc00d1c76
Elapsed time to handle vcpkg-cmake:x64-windows: 78.1 ms
Installing 3/11 sdl3:x64-windows@3.4.12...
sdl3:x64-windows@3.4.12 package ABI: b70742c40b23ba2bc797bb1899b6e85c2406d0ecf4d22e74ef889ce224d62968
Elapsed time to handle sdl3:x64-windows: 161 ms
Installing 4/11 sdl3-image:x64-windows@3.4.4#1...
sdl3-image:x64-windows@3.4.4#1 package ABI: a0884285ab8d33f4ce39f627292456792bf03a953795e2ad97b25c31b6046514
Elapsed time to handle sdl3-image:x64-windows: 28.5 ms
Installing 5/11 sdl3-mixer:x64-windows@3.2.4...
sdl3-mixer:x64-windows@3.2.4 package ABI: 2521b8f16daaee0d90bfc4a467015f940b3293301983e8f9c2cf83eed40cda70
Elapsed time to handle sdl3-mixer:x64-windows: 126 ms
Installing 6/11 zlib:x64-windows@1.3.2#1...
zlib:x64-windows@1.3.2#1 package ABI: 81cb3fed15e0dcf70129f279e062f7b077f0b49b176468233c99050be5119060
Elapsed time to handle zlib:x64-windows: 46.7 ms
Installing 7/11 libpng:x64-windows@1.6.58...
libpng:x64-windows@1.6.58 package ABI: 9ff896e22978dea0098de9c6c11294701821bb60fff8236620eb2090805197ce
Elapsed time to handle libpng:x64-windows: 63.2 ms
Installing 8/11 bzip2[core,tool]:x64-windows@1.0.8#6...
bzip2[core,tool]:x64-windows@1.0.8#6 package ABI: 48617b9f8ce3609926aad0ecb56bb8adaa4debb836d13e395db163ed4aa21a31
Elapsed time to handle bzip2:x64-windows: 32.8 ms
Installing 9/11 brotli:x64-windows@1.2.0...
brotli:x64-windows@1.2.0 package ABI: eeec08bfbd2e47f70b5e88f38266ca89c5385bf21da2d61a1c3b28492f1aff10
Elapsed time to handle brotli:x64-windows: 81.1 ms
Installing 10/11 freetype[brotli,bzip2,core,png,zlib]:x64-windows@2.14.3...
freetype[brotli,bzip2,core,png,zlib]:x64-windows@2.14.3 package ABI: 30a34b082681bf37353870bc069fe31937a0d677d8ed1bae6a74a9c69bca2e90
Elapsed time to handle freetype:x64-windows: 157 ms
Installing 11/11 sdl3-ttf:x64-windows@3.2.2#1...
sdl3-ttf:x64-windows@3.2.2#1 package ABI: 6e135b8d7dd6b2acacc9e072ea7a4938dcfc0134a7d51470b8e358495c6bfdc2
Elapsed time to handle sdl3-ttf:x64-windows: 110 ms
Installed contents are licensed to you by owners. Microsoft is not responsible for, nor does it grant any licenses to, third-party packages.
Packages installed in this vcpkg installation declare the following licenses:
(FTL OR GPL-2.0-or-later)
Apache-2.0
MIT
Zlib
bzip2-1.0.6
libpng-2.0
sdl3 provides CMake targets:

  find_package(SDL3 CONFIG REQUIRED)
  target_link_libraries(main PRIVATE SDL3::SDL3)

sdl3-image provides CMake targets:

  find_package(SDL3_image CONFIG REQUIRED)
  target_link_libraries(main PRIVATE $<IF:$<TARGET_EXISTS:SDL3_image::SDL3_image-shared>,SDL3_image::SDL3_image-shared,SDL3_image::SDL3_image-static>)

sdl3-image provides pkg-config modules:

  # image loading library for Simple DirectMedia Layer
  sdl3-image

sdl3-mixer provides CMake targets:

  find_package(SDL3_mixer CONFIG REQUIRED)
  target_link_libraries(main PRIVATE $<IF:$<TARGET_EXISTS:SDL3_mixer::SDL3_mixer>,SDL3_mixer::SDL3_mixer,SDL3_mixer::SDL3_mixer-static>)

sdl3-ttf provides CMake targets:

  find_package(SDL3_ttf CONFIG REQUIRED)
  target_link_libraries(main PRIVATE SDL3_ttf::SDL3_ttf)

All requested installations completed successfully in: 921 ms
