Detecting compiler hash for triplet x64-windows...
Compiler found: C:/Program Files/Microsoft Visual Studio/18/Community/VC/Tools/MSVC/14.51.36231/bin/Hostx64/x64/cl.exe
The following packages are already installed:
  * brotli:x64-windows@1.2.0
  * bzip2[core,tool]:x64-windows@1.0.8#6
  * freetype[core,zlib,png,bzip2,brotli]:x64-windows@2.14.3
  * libpng:x64-windows@1.6.58
    sdl3:x64-windows@3.4.12
    sdl3-image:x64-windows@3.4.4#1
    sdl3-mixer:x64-windows@3.2.4
    sdl3-ttf:x64-windows@3.2.2#1
  * vcpkg-cmake:x64-windows@2024-04-23
  * vcpkg-cmake-config:x64-windows@2024-05-23
  * zlib:x64-windows@1.3.2#1
sdl3 provides CMake targets:

  find_package(SDL3 CONFIG REQUIRED)
  target_link_libraries(main PRIVATE SDL3::SDL3)

sdl3-image provides CMake targets:

  find_package(SDL3_image CONFIG REQUIRED)
  target_link_libraries(main PRIVATE $<IF:$<TARGET_EXISTS:SDL3_image::SDL3_image-shared>,SDL3_image::SDL3_image-shared,SDL3_image::SDL3_image-static>)

sdl3-image provides pkg-config modules:

  # image loading library for Simple DirectMedia Layer
  sdl3-image

sdl3-mixer provides CMake targets:

  find_package(SDL3_mixer CONFIG REQUIRED)
  target_link_libraries(main PRIVATE $<IF:$<TARGET_EXISTS:SDL3_mixer::SDL3_mixer>,SDL3_mixer::SDL3_mixer,SDL3_mixer::SDL3_mixer-static>)

sdl3-ttf provides CMake targets:

  find_package(SDL3_ttf CONFIG REQUIRED)
  target_link_libraries(main PRIVATE SDL3_ttf::SDL3_ttf)

All requested installations completed successfully in: 1.26 ms
