Detecting compiler hash for triplet x64-linux...
Compiler found: /usr/bin/c++
The following packages are already installed:
  * brotli:x64-linux@1.2.0
  * bzip2[core,tool]:x64-linux@1.0.8#6
  * dbus[core,systemd]:x64-linux@1.16.2#5
  * expat:x64-linux@2.8.2
  * freetype[core,zlib,png,bzip2,brotli]:x64-linux@2.14.3
  * gperf:x64-linux@3.3
  * libcap:x64-linux@2.78
  * liblzma:x64-linux@5.8.3
  * libmount:x64-linux@2.41.3#1
  * libpng:x64-linux@1.6.58
  * libsystemd:x64-linux@260.2
  * libxcrypt:x64-linux@4.5.2
  * lz4:x64-linux@1.10.0
    sdl3[core,x11,wayland,ibus,dbus]:x64-linux@3.4.12
    sdl3-image:x64-linux@3.4.4#1
    sdl3-mixer:x64-linux@3.2.4
    sdl3-ttf:x64-linux@3.2.2#1
  * vcpkg-cmake:x64-linux@2024-04-23
  * vcpkg-cmake-config:x64-linux@2024-05-23
  * vcpkg-cmake-get-vars:x64-linux@2025-05-29
  * vcpkg-get-python-packages:x64-linux@2025-04-05
  * vcpkg-make:x64-linux@2026-01-01
  * vcpkg-tool-meson:x64-linux@1.9.0#10
  * zlib:x64-linux@1.3.2#1
  * zstd:x64-linux@1.5.7
sdl3 provides CMake targets:

  find_package(SDL3 CONFIG REQUIRED)
  target_link_libraries(main PRIVATE SDL3::SDL3)

sdl3-image provides CMake targets:

  find_package(SDL3_image CONFIG REQUIRED)
  target_link_libraries(main PRIVATE $<IF:$<TARGET_EXISTS:SDL3_image::SDL3_image-shared>,SDL3_image::SDL3_image-shared,SDL3_image::SDL3_image-static>)

sdl3-image provides pkg-config modules:

  # image loading library for Simple DirectMedia Layer
  sdl3-image

sdl3-mixer provides CMake targets:

  find_package(SDL3_mixer CONFIG REQUIRED)
  target_link_libraries(main PRIVATE $<IF:$<TARGET_EXISTS:SDL3_mixer::SDL3_mixer>,SDL3_mixer::SDL3_mixer,SDL3_mixer::SDL3_mixer-static>)

sdl3-ttf provides CMake targets:

  find_package(SDL3_ttf CONFIG REQUIRED)
  target_link_libraries(main PRIVATE SDL3_ttf::SDL3_ttf)

All requested installations completed successfully in: 349 us
